// Jest Snapshot v1, https://goo.gl/fbAQLP

exports[`ArticleList component renders ArticleList 1`] = `
<DocumentFragment>
  <ul
    class="ArticleList"
    role="list"
  />
</DocumentFragment>
`;
