// Jest Snapshot v1, https://goo.gl/fbAQLP

exports[`App component renders App 1`] = `
<DocumentFragment>
  <main
    class="App"
  >
    <div
      class="NewsSearch"
    >
      <div
        class="Search"
      >
        <input
          type="text"
          value="kahnawake"
        />
      </div>
      <span>
        loading
      </span>
    </div>
  </main>
</DocumentFragment>
`;
